// Jest Snapshot v1, https://goo.gl/fbAQLP

exports[`ActionsMenu Component Renders a snapshot 1`] = `
<div
  className="ActionsMenu"
  data-selenium-id="ActionsMenu"
>
  <button
    className="ActionsMenu__item Btn Btn--fileBrowser Btn--round Btn__addFolder visibility-hidden"
    data-click-id="addFolder"
    data-tip="Add Subfolder"
    onClick={[Function]}
    type="button"
  />
  <div
    className="relative"
  >
    <button
      className="ActionsMenu__item Btn Btn--fileBrowser Btn__delete-secondary Btn--round"
      data-tip="Delete"
      disabled={false}
      onClick={[Function]}
      type="button"
    />
    <div
      className="ActionsMenu__popup hidden Tooltip__message"
    >
      <div
        className="Tooltip__pointer"
      />
      <p>
        Are you sure?
      </p>
      <div
        className="flex justify--space-around"
      >
        <button
          className="File__btn--round File__btn--cancel"
          onClick={[Function]}
          type="button"
        />
        <button
          className="File__btn--round File__btn--add"
          onClick={[Function]}
          type="button"
        />
      </div>
    </div>
  </div>
  <button
    className="ActionsMenu__item Btn Btn--fileBrowser Btn__rename  Btn--round"
    data-tip="Rename"
    disabled={false}
    onClick={[Function]}
    type="button"
  />
  <div
    className="__react_component_tooltip place-bottom type-dark "
    data-id="tooltip"
  />
</div>
`;
