// Jest Snapshot v1, https://goo.gl/fbAQLP

exports[`Dataset File component File Snapshot 1`] = `
<div
  className="File"
  data-selenium-id="File"
  onMouseEnter={[Function]}
  onMouseLeave={[Function]}
  onMouseOut={[Function]}
  onMouseOver={[Function]}
>
  <div
    className="File__row"
    style={
      Object {
        "paddingLeft": "NaNpx",
      }
    }
  >
    <button
      className="CheckboxMultiselect CheckboxMultiselect__check"
      onClick={[Function]}
      type="button"
    />
    <div
      className="File__cell File__cell--name"
    >
      <div
        className="File__icon null"
      />
      <div
        className="File__text"
        data-for="Tooltip--file"
        data-tip="folder"
        onClick={[Function]}
        role="presentation"
      >
        <div
          className=""
          end={0}
          onCopy={[Function]}
          start={0}
          style={
            Object {
              "display": "block",
              "overflow": "hidden",
              "whiteSpace": "nowrap",
            }
          }
        >
          <span
            style={
              Object {
                "display": "none",
              }
            }
          >
            folder
          </span>
          <span
            style={
              Object {
                "display": "none",
              }
            }
          >
            ...
          </span>
          folder
        </div>
      </div>
      <div
        className="__react_component_tooltip place-bottom type-dark "
        data-id="tooltip"
        id="Tooltip--file"
      />
    </div>
    <div
      className="File__cell File__cell--edit hidden"
    >
      <div
        className="File__container"
      >
        <input
          className="File__input"
          draggable={true}
          maxLength="255"
          onChange={[Function]}
          onClick={[Function]}
          onDragStart={[Function]}
          onKeyDown={[Function]}
          type="text"
          value="folder"
        />
      </div>
      <div
        className="flex justify-space-around"
      >
        <button
          className="File__btn--round File__btn--cancel File__btn--rename-cancel"
          onClick={[Function]}
          type="button"
        />
        <button
          className="File__btn--round File__btn--add File__btn--rename-add"
          disabled={true}
          onClick={[Function]}
          type="button"
        />
      </div>
    </div>
    <div
      className="File__cell File__cell--size"
    >
      0B
    </div>
    <div
      className="File__cell File__cell--date"
    >
      9 months ago
    </div>
    <div
      className="File__cell File__cell--menu"
    >
      <div
        className="ActionsMenu"
        data-selenium-id="ActionsMenu"
      >
        <button
          className="ActionsMenu__item Btn Btn--fileBrowser Btn--round Btn__addFolder visibility-hidden"
          data-click-id="addFolder"
          data-tip="Add Subfolder"
          onClick={[Function]}
          type="button"
        />
        <div
          className="relative"
        >
          <button
            className="ActionsMenu__item Btn Btn--fileBrowser Btn__delete-secondary Btn--round"
            data-tip="Must download before deleting"
            disabled={true}
            onClick={[Function]}
            type="button"
          />
          <div
            className="ActionsMenu__popup hidden Tooltip__message"
          >
            <div
              className="Tooltip__pointer"
            />
            <p>
              Are you sure?
            </p>
            <div
              className="flex justify--space-around"
            >
              <button
                className="File__btn--round File__btn--cancel"
                onClick={[Function]}
                type="button"
              />
              <button
                className="File__btn--round File__btn--add"
                onClick={[Function]}
                type="button"
              />
            </div>
          </div>
        </div>
        <button
          className="ActionsMenu__item Btn Btn--fileBrowser Btn__rename  Btn--round"
          data-tip="Must download before renaming"
          disabled={true}
          onClick={[Function]}
          type="button"
        />
        <div
          className="__react_component_tooltip place-bottom type-dark "
          data-id="tooltip"
        />
      </div>
      <div
        className="DatasetActionsMenu"
        data-selenium-id="DatasetActionsMenu"
      >
        <button
          className="Btn Btn__FileBrowserAction DatasetActionsMenu__item Btn__FileBrowserAction--download"
          onClick={[Function]}
          type="button"
        >
          Download
        </button>
      </div>
    </div>
  </div>
</div>
`;
