// Jest Snapshot v1, https://goo.gl/fbAQLP

exports[`DetailRecords Renders a snapshot 1`] = `
<div
  className="DetailsRecords"
  data-selenium-id="DetailRecordsx"
>
  <div
    className="DetailsRecords__list"
  >
    <ul
      className="Record__container"
      data-selenium-id="Recordx"
    >
      <div
        className="Record__action Record__action--undefined"
      />
    </ul>
  </div>
</div>
`;
