// Jest Snapshot v1, https://goo.gl/fbAQLP

exports[`UserNote Renders a snapshot 1`] = `
<div
  className="UserNote flex flex--column"
  data-selenium-id="UserNotex"
>
  <div
    className="UserNote__close close"
    onClick={[Function]}
    role="presentation"
  />
  <input
    className="UserNote__title"
    onKeyUp={[Function]}
    placeholder="Add a summary title"
    type="text"
  />
  <div
    className="UserNote__summary"
  >
    <div
      id="markDown-wrapper"
    >
      
      <textarea
        id="markDown"
      />
    </div>
  </div>
  <div
    className="ReactTags__tags react-tags-wrapper"
  >
    <p
      className="sr-only"
      role="alert"
      style={
        Object {
          "border": 0,
          "clip": "rect(0 0 0 0)",
          "height": "1px",
          "margin": "-1px",
          "overflow": "hidden",
          "padding": 0,
          "position": "absolute",
          "width": "1px",
        }
      }
    >
      
    </p>
    <div
      className="ReactTags__selected"
    >
      <div
        className="ReactTags__tagInput"
      >
        <input
          aria-label="Press enter to add new tag"
          className="ReactTags__tagInputField"
          id="TagsInput"
          onBlur={[Function]}
          onChange={[Function]}
          onFocus={[Function]}
          onKeyDown={[Function]}
          onPaste={[Function]}
          placeholder="Press enter to add new tag"
          type="text"
        />
      </div>
    </div>
  </div>
  <div
    className="BtnContainer"
  >
    <button
      className="Btn Btn--flat"
      onClick={[Function]}
      type="submit"
    >
      Cancel
    </button>
    <button
      className="Btn Btn--last"
      disabled={true}
      onClick={[Function]}
      type="submit"
    >
      Add Note
    </button>
  </div>
</div>
`;
